// Jest Snapshot v1, https://goo.gl/fbAQLP

exports[`HelloWorld.vue verify html 1`] = `
<div class="hello-world" msg="new message">
  <h1></h1>
</div>
`;
